Archive member included to satisfy reference by file (symbol)

c:/program files (x86)/atmel/studio/7.0/toolchain/avr8/avr8-gnu-toolchain/bin/../lib/gcc/avr/5.4.0/avrxmega6\libgcc.a(_udivmodsi4.o)
                              src/ASF/xmega/drivers/usart/usart.o (__udivmodsi4)
c:/program files (x86)/atmel/studio/7.0/toolchain/avr8/avr8-gnu-toolchain/bin/../lib/gcc/avr/5.4.0/avrxmega6\libgcc.a(_exit.o)
                              C:/Program Files (x86)/Atmel/Studio/7.0/Packs/atmel/XMEGAA_DFP/1.1.68/gcc/dev/atxmega256a3bu/avrxmega6/crtatxmega256a3bu.o (exit)
c:/program files (x86)/atmel/studio/7.0/toolchain/avr8/avr8-gnu-toolchain/bin/../lib/gcc/avr/5.4.0/avrxmega6\libgcc.a(_tablejump2.o)
                              src/ASF/xmega/services/pwm/pwm.o (__tablejump2__)
c:/program files (x86)/atmel/studio/7.0/toolchain/avr8/avr8-gnu-toolchain/bin/../lib/gcc/avr/5.4.0/avrxmega6\libgcc.a(_copy_data.o)
                              src/ASF/common/services/sleepmgr/xmega/sleepmgr.o (__do_copy_data)
c:/program files (x86)/atmel/studio/7.0/toolchain/avr8/avr8-gnu-toolchain/bin/../lib/gcc/avr/5.4.0/avrxmega6\libgcc.a(_clear_bss.o)
                              src/ASF/common/services/sleepmgr/xmega/sleepmgr.o (__do_clear_bss)
c:/program files (x86)/atmel/studio/7.0/toolchain/avr8/avr8-gnu-toolchain/bin/../lib/gcc/avr/5.4.0/avrxmega6\libgcc.a(_umulhisi3.o)
                              src/ASF/xmega/services/pwm/pwm.o (__umulhisi3)
c:/program files (x86)/atmel/studio/7.0/toolchain/avr8/avr8-gnu-toolchain/bin/../lib/gcc/avr/5.4.0/../../../../avr/lib/avrxmega6\libc.a(memcpy.o)
                              src/ASF/xmega/drivers/nvm/nvm.o (memcpy)

Allocating common symbols
Common symbol       size              file

mypwm               0x1c              src/main.o
column_address      0x1               src/main.o
sleepmgr_locks      0x6               src/ASF/common/services/sleepmgr/xmega/sleepmgr.o
page_address        0x1               src/main.o

Discarded input sections

 .data          0x00000000        0x0 C:/Program Files (x86)/Atmel/Studio/7.0/Packs/atmel/XMEGAA_DFP/1.1.68/gcc/dev/atxmega256a3bu/avrxmega6/crtatxmega256a3bu.o
 .bss           0x00000000        0x0 C:/Program Files (x86)/Atmel/Studio/7.0/Packs/atmel/XMEGAA_DFP/1.1.68/gcc/dev/atxmega256a3bu/avrxmega6/crtatxmega256a3bu.o
 .group         0x00000000        0x8 src/ASF/common/components/display/st7565r/st7565r.o
 .group         0x00000000        0x8 src/ASF/common/components/display/st7565r/st7565r.o
 .group         0x00000000        0x8 src/ASF/common/components/display/st7565r/st7565r.o
 .group         0x00000000        0x8 src/ASF/common/components/display/st7565r/st7565r.o
 .group         0x00000000        0x8 src/ASF/common/components/display/st7565r/st7565r.o
 .group         0x00000000        0x8 src/ASF/common/components/display/st7565r/st7565r.o
 .group         0x00000000        0x8 src/ASF/common/components/display/st7565r/st7565r.o
 .group         0x00000000        0x8 src/ASF/common/components/display/st7565r/st7565r.o
 .group         0x00000000        0x8 src/ASF/common/components/display/st7565r/st7565r.o
 .group         0x00000000        0x8 src/ASF/common/components/display/st7565r/st7565r.o
 .group         0x00000000        0x8 src/ASF/common/components/display/st7565r/st7565r.o
 .group         0x00000000        0x8 src/ASF/common/components/display/st7565r/st7565r.o
 .group         0x00000000        0x8 src/ASF/common/components/display/st7565r/st7565r.o
 .group         0x00000000        0x8 src/ASF/common/components/display/st7565r/st7565r.o
 .group         0x00000000        0x8 src/ASF/common/components/display/st7565r/st7565r.o
 .group         0x00000000        0x8 src/ASF/common/components/display/st7565r/st7565r.o
 .group         0x00000000        0x8 src/ASF/common/components/display/st7565r/st7565r.o
 .group         0x00000000        0x8 src/ASF/common/components/display/st7565r/st7565r.o
 .group         0x00000000        0x8 src/ASF/common/components/display/st7565r/st7565r.o
 .group         0x00000000        0x8 src/ASF/common/components/display/st7565r/st7565r.o
 .group         0x00000000        0x8 src/ASF/common/components/display/st7565r/st7565r.o
 .group         0x00000000        0x8 src/ASF/common/components/display/st7565r/st7565r.o
 .group         0x00000000        0x8 src/ASF/common/components/display/st7565r/st7565r.o
 .group         0x00000000        0x8 src/ASF/common/components/display/st7565r/st7565r.o
 .group         0x00000000        0x8 src/ASF/common/components/display/st7565r/st7565r.o
 .group         0x00000000        0x8 src/ASF/common/components/display/st7565r/st7565r.o
 .group         0x00000000        0x8 src/ASF/common/components/display/st7565r/st7565r.o
 .group         0x00000000        0x8 src/ASF/common/components/display/st7565r/st7565r.o
 .group         0x00000000        0x8 src/ASF/common/components/display/st7565r/st7565r.o
[...]
Memory Configuration

Name             Origin             Length             Attributes
text             0x00000000         0x00100000         xr
data             0x00802000         0x0000ffa0         rw !x
eeprom           0x00810000         0x00010000         rw !x
fuse             0x00820000         0x00000006         rw !x
lock             0x00830000         0x00000400         rw !x
signature        0x00840000         0x00000400         rw !x
user_signatures  0x00850000         0x00000400         rw !x
*default*        0x00000000         0xffffffff

Linker script and memory map

LOAD C:/Program Files (x86)/Atmel/Studio/7.0/Packs/atmel/XMEGAA_DFP/1.1.68/gcc/dev/atxmega256a3bu/avrxmega6/crtatxmega256a3bu.o
LOAD src/ASF/common/components/display/st7565r/st7565r.o
LOAD src/ASF/common/services/sleepmgr/xmega/sleepmgr.o
LOAD src/ASF/xmega/drivers/tc/tc.o
LOAD src/ASF/xmega/drivers/usart/usart.o
LOAD src/ASF/common/services/spi/xmega_usart_spi/usart_spi.o
LOAD src/ASF/common/services/spi/xmega_spi/spi_master.o
LOAD src/ASF/xmega/drivers/spi/spi.o
LOAD src/ASF/common/services/clock/xmega/sysclk.o
LOAD src/ASF/xmega/drivers/nvm/nvm.o
LOAD src/ASF/xmega/drivers/nvm/nvm_asm.o
LOAD src/ASF/xmega/drivers/cpu/ccp.o
LOAD src/ASF/xmega/services/pwm/pwm.o
LOAD src/ASF/common/services/ioport/xmega/ioport_compat.o
LOAD src/ASF/xmega/boards/xmega_a3bu_xplained/init.o
LOAD src/main.o
START GROUP
LOAD c:/program files (x86)/atmel/studio/7.0/toolchain/avr8/avr8-gnu-toolchain/bin/../lib/gcc/avr/5.4.0/../../../../avr/lib/avrxmega6\libm.a
END GROUP
Address of section .BOOT set to 0x40000
START GROUP
LOAD c:/program files (x86)/atmel/studio/7.0/toolchain/avr8/avr8-gnu-toolchain/bin/../lib/gcc/avr/5.4.0/avrxmega6\libgcc.a
LOAD c:/program files (x86)/atmel/studio/7.0/toolchain/avr8/avr8-gnu-toolchain/bin/../lib/gcc/avr/5.4.0/../../../../avr/lib/avrxmega6\libm.a
LOAD c:/program files (x86)/atmel/studio/7.0/toolchain/avr8/avr8-gnu-toolchain/bin/../lib/gcc/avr/5.4.0/../../../../avr/lib/avrxmega6\libc.a
LOAD C:/Program Files (x86)/Atmel/Studio/7.0/Packs/atmel/XMEGAA_DFP/1.1.68/gcc/dev/atxmega256a3bu/avrxmega6\libatxmega256a3bu.a
END GROUP
                0x00100000                __TEXT_REGION_LENGTH__ = DEFINED (__TEXT_REGION_LENGTH__)?__TEXT_REGION_LENGTH__:0x100000
                0x0000ffa0                __DATA_REGION_LENGTH__ = DEFINED (__DATA_REGION_LENGTH__)?__DATA_REGION_LENGTH__:0xffa0
                0x00010000                __EEPROM_REGION_LENGTH__ = DEFINED (__EEPROM_REGION_LENGTH__)?__EEPROM_REGION_LENGTH__:0x10000
                [0x00000006]                __FUSE_REGION_LENGTH__ = DEFINED (__FUSE_REGION_LENGTH__)?__FUSE_REGION_LENGTH__:0x400
                0x00000400                __LOCK_REGION_LENGTH__ = DEFINED (__LOCK_REGION_LENGTH__)?__LOCK_REGION_LENGTH__:0x400
                0x00000400                __SIGNATURE_REGION_LENGTH__ = DEFINED (__SIGNATURE_REGION_LENGTH__)?__SIGNATURE_REGION_LENGTH__:0x400
                0x00000400                __USER_SIGNATURE_REGION_LENGTH__ = DEFINED (__USER_SIGNATURE_REGION_LENGTH__)?__USER_SIGNATURE_REGION_LENGTH__:0x400

.hash
 *(.hash)

.dynsym
 *(.dynsym)

.dynstr
 *(.dynstr)

.gnu.version
 *(.gnu.version)

.gnu.version_d
 *(.gnu.version_d)

.gnu.version_r
 *(.gnu.version_r)

.rel.init
 *(.rel.init)

.rela.init
 *(.rela.init)

.rel.text
 *(.rel.text)
 *(.rel.text.*)
 *(.rel.gnu.linkonce.t*)

.rela.text
 *(.rela.text)
 *(.rela.text.*)
 *(.rela.gnu.linkonce.t*)

.rel.fini
 *(.rel.fini)

.rela.fini
 *(.rela.fini)

.rel.rodata
 *(.rel.rodata)
 *(.rel.rodata.*)
 *(.rel.gnu.linkonce.r*)

.rela.rodata
 *(.rela.rodata)
 *(.rela.rodata.*)
 *(.rela.gnu.linkonce.r*)

.rel.data
 *(.rel.data)
 *(.rel.data.*)
 *(.rel.gnu.linkonce.d*)

.rela.data
 *(.rela.data)
 *(.rela.data.*)
 *(.rela.gnu.linkonce.d*)

.rel.ctors
 *(.rel.ctors)

.rela.ctors
 *(.rela.ctors)

.rel.dtors
 *(.rel.dtors)

.rela.dtors
 *(.rela.dtors)

.rel.got
 *(.rel.got)

.rela.got
 *(.rela.got)

.rel.bss
 *(.rel.bss)

.rela.bss
 *(.rela.bss)

.rel.plt
 *(.rel.plt)

.rela.plt
 *(.rela.plt)

.text           0x00000000     0x27fa
 *(.vectors)
 .vectors       0x00000000      0x1fc C:/Program Files (x86)/Atmel/Studio/7.0/Packs/atmel/XMEGAA_DFP/1.1.68/gcc/dev/atxmega256a3bu/avrxmega6/crtatxmega256a3bu.o
                0x00000000                __vector_default
                0x00000000                __vectors
 *(.vectors)
 *(.progmem.gcc*)
 .progmem.gcc_sw_table.pwm_init
                0x000001fc        0xe src/ASF/xmega/services/pwm/pwm.o
                0x0000020a                . = ALIGN (0x2)
                0x0000020a                __trampolines_start = .
 *(.trampolines)
 .trampolines   0x0000020a        0x0 linker stubs
 *(.trampolines*)
                0x0000020a                __trampolines_end = .
 *libprintf_flt.a:*(.progmem.data)
 *libc.a:*(.progmem.data)
 *(.progmem*)
                0x0000020a                . = ALIGN (0x2)
 *(.jumptables)
 *(.jumptables*)
 *(.lowtext)
 *(.lowtext*)
                0x0000020a                __ctors_start = .
 *(.ctors)
                0x0000020a                __ctors_end = .
                0x0000020a                __dtors_start = .
 *(.dtors)
                0x0000020a                __dtors_end = .
 SORT(*)(.ctors)
 SORT(*)(.dtors)
 *(.init0)
 .init0         0x0000020a        0x0 C:/Program Files (x86)/Atmel/Studio/7.0/Packs/atmel/XMEGAA_DFP/1.1.68/gcc/dev/atxmega256a3bu/avrxmega6/crtatxmega256a3bu.o
                0x0000020a                __init
 *(.init0)
 *(.init1)
 *(.init1)
 *(.init2)
 .init2         0x0000020a       0x10 C:/Program Files (x86)/Atmel/Studio/7.0/Packs/atmel/XMEGAA_DFP/1.1.68/gcc/dev/atxmega256a3bu/avrxmega6/crtatxmega256a3bu.o
 *(.init2)
 *(.init3)
 *(.init3)
 *(.init4)
 .init4         0x0000021a       0x1a c:/program files (x86)/atmel/studio/7.0/toolchain/avr8/avr8-gnu-toolchain/bin/../lib/gcc/avr/5.4.0/avrxmega6\libgcc.a(_copy_data.o)
                0x0000021a                __do_copy_data
 .init4         0x00000234       0x10 c:/program files (x86)/atmel/studio/7.0/toolchain/avr8/avr8-gnu-toolchain/bin/../lib/gcc/avr/5.4.0/avrxmega6\libgcc.a(_clear_bss.o)
                0x00000234                __do_clear_bss
 *(.init4)
 *(.init5)
 *(.init5)
 *(.init6)
 *(.init6)
 *(.init7)
 *(.init7)
 *(.init8)
 *(.init8)
 *(.init9)
 .init9         0x00000244        0x8 C:/Program Files (x86)/Atmel/Studio/7.0/Packs/atmel/XMEGAA_DFP/1.1.68/gcc/dev/atxmega256a3bu/avrxmega6/crtatxmega256a3bu.o
 *(.init9)
 *(.text)
 .text          0x0000024c        0x2 C:/Program Files (x86)/Atmel/Studio/7.0/Packs/atmel/XMEGAA_DFP/1.1.68/gcc/dev/atxmega256a3bu/avrxmega6/crtatxmega256a3bu.o
                0x0000024c                __vector_38
                0x0000024c                __vector_104
                0x0000024c                __vector_63
                0x0000024c                __vector_28
                0x0000024c                __vector_67
                0x0000024c                __vector_1
                0x0000024c                __vector_119
                0x0000024c                __vector_32
                0x0000024c                __vector_75
                0x0000024c                __vector_71
                0x0000024c                __vector_91
                0x0000024c                __vector_34
                0x0000024c                __vector_62
                0x0000024c                __vector_102
                0x0000024c                __vector_24
                0x0000024c                __vector_12
                0x0000024c                __vector_69
                0x0000024c                __vector_90
                0x0000024c                __vector_46
                0x0000024c                __bad_interrupt
                0x0000024c                __vector_122
                0x0000024c                __vector_72
                0x0000024c                __vector_114
                0x0000024c                __vector_6
                0x0000024c                __vector_31
                0x0000024c                __vector_92
                0x0000024c                __vector_35
                0x0000024c                __vector_74
                0x0000024c                __vector_117
                0x0000024c                __vector_39
                0x0000024c                __vector_107
                0x0000024c                __vector_3
                0x0000024c                __vector_105
                0x0000024c                __vector_98
                0x0000024c                __vector_68
                0x0000024c                __vector_30
                0x0000024c                __vector_73
                0x0000024c                __vector_45
                0x0000024c                __vector_25
                0x0000024c                __vector_93
                0x0000024c                __vector_61
                0x0000024c                __vector_11
                0x0000024c                __vector_99
                0x0000024c                __vector_13
                0x0000024c                __vector_7
                0x0000024c                __vector_125
                0x0000024c                __vector_123
                0x0000024c                __vector_41
                0x0000024c                __vector_100
                0x0000024c                __vector_101
                0x0000024c                __vector_64
                0x0000024c                __vector_88
                0x0000024c                __vector_43
                0x0000024c                __vector_27
                0x0000024c                __vector_5
                0x0000024c                __vector_33
                0x0000024c                __vector_76
                0x0000024c                __vector_115
                0x0000024c                __vector_37
                0x0000024c                __vector_95
                0x0000024c                __vector_103
                0x0000024c                __vector_96
                0x0000024c                __vector_89
                0x0000024c                __vector_4
                0x0000024c                __vector_44
                0x0000024c                __vector_106
                0x0000024c                __vector_118
                0x0000024c                __vector_9
                0x0000024c                __vector_2
                0x0000024c                __vector_66
                0x0000024c                __vector_36
                0x0000024c                __vector_58
                0x0000024c                __vector_70
                0x0000024c                __vector_29
                0x0000024c                __vector_60
                0x0000024c                __vector_121
                0x0000024c                __vector_40
                0x0000024c                __vector_94
                0x0000024c                __vector_126
                0x0000024c                __vector_8
                0x0000024c                __vector_26
                0x0000024c                __vector_124
                0x0000024c                __vector_116
                0x0000024c                __vector_57
                0x0000024c                __vector_10
                0x0000024c                __vector_59
                0x0000024c                __vector_97
                0x0000024c                __vector_42
                0x0000024c                __vector_87
                0x0000024c                __vector_65
                0x0000024c                __vector_120
                0x0000024e                . = ALIGN (0x2)
 *(.text.*)
 .text.__portable_avr_delay_cycles
                0x0000024e       0x16 src/ASF/common/components/display/st7565r/st7565r.o
 .text.st7565r_init
                0x00000264      0x3b8 src/ASF/common/components/display/st7565r/st7565r.o
                0x00000264                st7565r_init
 .text.__vector_14
                0x0000061c       0x5a src/ASF/xmega/drivers/tc/tc.o
                0x0000061c                __vector_14
 .text.__vector_15
                0x00000676       0x5a src/ASF/xmega/drivers/tc/tc.o
                0x00000676                __vector_15
 .text.__vector_16
                0x000006d0       0x5a src/ASF/xmega/drivers/tc/tc.o
                0x000006d0                __vector_16
 .text.__vector_17
                0x0000072a       0x5a src/ASF/xmega/drivers/tc/tc.o
                0x0000072a                __vector_17
 .text.__vector_18
                0x00000784       0x5a src/ASF/xmega/drivers/tc/tc.o
                0x00000784                __vector_18
 .text.__vector_19
                0x000007de       0x5a src/ASF/xmega/drivers/tc/tc.o
                0x000007de                __vector_19
 .text.__vector_20
                0x00000838       0x5a src/ASF/xmega/drivers/tc/tc.o
                0x00000838                __vector_20
 .text.__vector_21
                0x00000892       0x5a src/ASF/xmega/drivers/tc/tc.o
                0x00000892                __vector_21
 .text.__vector_22
                0x000008ec       0x5a src/ASF/xmega/drivers/tc/tc.o
                0x000008ec                __vector_22
 .text.__vector_23
                0x00000946       0x5a src/ASF/xmega/drivers/tc/tc.o
                0x00000946                __vector_23
 .text.__vector_77
                0x000009a0       0x5a src/ASF/xmega/drivers/tc/tc.o
                0x000009a0                __vector_77
 .text.__vector_78
                0x000009fa       0x5a src/ASF/xmega/drivers/tc/tc.o
                0x000009fa                __vector_78
 .text.__vector_79
                0x00000a54       0x5a src/ASF/xmega/drivers/tc/tc.o
                0x00000a54                __vector_79
 .text.__vector_80
                0x00000aae       0x5a src/ASF/xmega/drivers/tc/tc.o
                0x00000aae                __vector_80
 .text.__vector_81
                0x00000b08       0x5a src/ASF/xmega/drivers/tc/tc.o
                0x00000b08                __vector_81
 .text.__vector_82
                0x00000b62       0x5a src/ASF/xmega/drivers/tc/tc.o
                0x00000b62                __vector_82
 .text.__vector_83
                0x00000bbc       0x5a src/ASF/xmega/drivers/tc/tc.o
                0x00000bbc                __vector_83
 .text.__vector_84
                0x00000c16       0x5a src/ASF/xmega/drivers/tc/tc.o
                0x00000c16                __vector_84
 .text.__vector_85
                0x00000c70       0x5a src/ASF/xmega/drivers/tc/tc.o
                0x00000c70                __vector_85
 .text.__vector_86
                0x00000cca       0x5a src/ASF/xmega/drivers/tc/tc.o
                0x00000cca                __vector_86
 .text.__vector_47
                0x00000d24       0x5a src/ASF/xmega/drivers/tc/tc.o
                0x00000d24                __vector_47
 .text.__vector_48
                0x00000d7e       0x5a src/ASF/xmega/drivers/tc/tc.o
                0x00000d7e                __vector_48
 .text.__vector_49
                0x00000dd8       0x5a src/ASF/xmega/drivers/tc/tc.o
                0x00000dd8                __vector_49
 .text.__vector_50
                0x00000e32       0x5a src/ASF/xmega/drivers/tc/tc.o
                0x00000e32                __vector_50
 .text.__vector_51
                0x00000e8c       0x5a src/ASF/xmega/drivers/tc/tc.o
                0x00000e8c                __vector_51
 .text.__vector_52
                0x00000ee6       0x5a src/ASF/xmega/drivers/tc/tc.o
                0x00000ee6                __vector_52
 .text.__vector_53
                0x00000f40       0x5a src/ASF/xmega/drivers/tc/tc.o
                0x00000f40                __vector_53
 .text.__vector_54
                0x00000f9a       0x5a src/ASF/xmega/drivers/tc/tc.o
                0x00000f9a                __vector_54
 .text.__vector_55
                0x00000ff4       0x5a src/ASF/xmega/drivers/tc/tc.o
                0x00000ff4                __vector_55
 .text.__vector_56
                0x0000104e       0x5a src/ASF/xmega/drivers/tc/tc.o
                0x0000104e                __vector_56
 .text.__vector_108
                0x000010a8       0x5a src/ASF/xmega/drivers/tc/tc.o
                0x000010a8                __vector_108
 .text.__vector_109
                0x00001102       0x5a src/ASF/xmega/drivers/tc/tc.o
                0x00001102                __vector_109
 .text.__vector_110
                0x0000115c       0x5a src/ASF/xmega/drivers/tc/tc.o
                0x0000115c                __vector_110
 .text.__vector_111
                0x000011b6       0x5a src/ASF/xmega/drivers/tc/tc.o
                0x000011b6                __vector_111
 .text.__vector_112
                0x00001210       0x5a src/ASF/xmega/drivers/tc/tc.o
                0x00001210                __vector_112
 .text.__vector_113
                0x0000126a       0x5a src/ASF/xmega/drivers/tc/tc.o
                0x0000126a                __vector_113
 .text.tc_enable
                0x000012c4       0xe2 src/ASF/xmega/drivers/tc/tc.o
                0x000012c4                tc_enable
 .text.usart_putchar
                0x000013a6       0x10 src/ASF/xmega/drivers/usart/usart.o
                0x000013a6                usart_putchar
 .text.usart_getchar
                0x000013b6        0xc src/ASF/xmega/drivers/usart/usart.o
                0x000013b6                usart_getchar
 .text.usart_set_baudrate
                0x000013c2      0x226 src/ASF/xmega/drivers/usart/usart.o
                0x000013c2                usart_set_baudrate
 .text.usart_init_rs232
                0x000015e8      0x222 src/ASF/xmega/drivers/usart/usart.o
                0x000015e8                usart_init_rs232
 .text.usart_spi_set_baudrate
                0x0000180a       0x62 src/ASF/xmega/drivers/usart/usart.o
                0x0000180a                usart_spi_set_baudrate
 .text.usart_init_spi
                0x0000186c      0x3c8 src/ASF/xmega/drivers/usart/usart.o
                0x0000186c                usart_init_spi
 .text.usart_spi_init
                0x00001c34       0x5e src/ASF/common/services/spi/xmega_usart_spi/usart_spi.o
                0x00001c34                usart_spi_init
 .text.usart_spi_setup_device
                0x00001c92       0x34 src/ASF/common/services/spi/xmega_usart_spi/usart_spi.o
                0x00001c92                usart_spi_setup_device
 .text.usart_spi_select_device
                0x00001cc6       0x2c src/ASF/common/services/spi/xmega_usart_spi/usart_spi.o
                0x00001cc6                usart_spi_select_device
 .text.usart_spi_deselect_device
                0x00001cf2       0x2c src/ASF/common/services/spi/xmega_usart_spi/usart_spi.o
                0x00001cf2                usart_spi_deselect_device
 .text.sysclk_init
                0x00001d1e       0x72 src/ASF/common/services/clock/xmega/sysclk.o
                0x00001d1e                sysclk_init
 .text.sysclk_enable_module
                0x00001d90       0x2c src/ASF/common/services/clock/xmega/sysclk.o
                0x00001d90                sysclk_enable_module
 .text.ccp_write_io
                0x00001dbc        0xc src/ASF/xmega/drivers/cpu/ccp.o
                0x00001dbc                ccp_write_io
 .text.pwm_set_frequency
                0x00001dc8       0xd0 src/ASF/xmega/services/pwm/pwm.o
                0x00001dc8                pwm_set_frequency
 .text.pwm_init
                0x00001e98      0x18c src/ASF/xmega/services/pwm/pwm.o
                0x00001e98                pwm_init
 .text.pwm_start
                0x00002024       0xa0 src/ASF/xmega/services/pwm/pwm.o
                0x00002024                pwm_start
 .text.ioport_configure_port_pin
                0x000020c4       0x4e src/ASF/common/services/ioport/xmega/ioport_compat.o
                0x000020c4                ioport_configure_port_pin
 .text.board_init
                0x00002112      0x13a src/ASF/xmega/boards/xmega_a3bu_xplained/init.o
                0x00002112                board_init
 .text.__portable_avr_delay_cycles
                0x0000224c       0x16 src/main.o
 .text.resetScreen
                0x00002262      0x248 src/main.o
                0x00002262                resetScreen
 .text.displayCharacter
                0x000024aa      0x232 src/main.o
                0x000024aa                displayCharacter
 .text.main     0x000026dc       0xa8 src/main.o
                0x000026dc                main
 .text.libgcc.div
                0x00002784       0x44 c:/program files (x86)/atmel/studio/7.0/toolchain/avr8/avr8-gnu-toolchain/bin/../lib/gcc/avr/5.4.0/avrxmega6\libgcc.a(_udivmodsi4.o)
                0x00002784                __udivmodsi4
 .text.libgcc   0x000027c8       0x10 c:/program files (x86)/atmel/studio/7.0/toolchain/avr8/avr8-gnu-toolchain/bin/../lib/gcc/avr/5.4.0/avrxmega6\libgcc.a(_tablejump2.o)
                0x000027c8                __tablejump2__
 .text.libgcc.mul
                0x000027d8       0x1e c:/program files (x86)/atmel/studio/7.0/toolchain/avr8/avr8-gnu-toolchain/bin/../lib/gcc/avr/5.4.0/avrxmega6\libgcc.a(_umulhisi3.o)
                0x000027d8                __umulhisi3
                0x000027f6                . = ALIGN (0x2)
 *(.fini9)
 .fini9         0x000027f6        0x0 c:/program files (x86)/atmel/studio/7.0/toolchain/avr8/avr8-gnu-toolchain/bin/../lib/gcc/avr/5.4.0/avrxmega6\libgcc.a(_exit.o)
                0x000027f6                _exit
                0x000027f6                exit
 *(.fini9)
 *(.fini8)
 *(.fini8)
 *(.fini7)
 *(.fini7)
 *(.fini6)
 *(.fini6)
 *(.fini5)
 *(.fini5)
 *(.fini4)
 *(.fini4)
 *(.fini3)
 *(.fini3)
 *(.fini2)
 *(.fini2)
 *(.fini1)
 *(.fini1)
 *(.fini0)
 .fini0         0x000027f6        0x4 c:/program files (x86)/atmel/studio/7.0/toolchain/avr8/avr8-gnu-toolchain/bin/../lib/gcc/avr/5.4.0/avrxmega6\libgcc.a(_exit.o)
 *(.fini0)
                0x000027fa                _etext = .

.data           0x00802000      0x1d8 load address 0x000027fa
                0x00802000                PROVIDE (__data_start, .)
 *(.data)
 *(.data*)
 .data.USART_SERIAL_OPTIONS.5563
                0x00802000        0x7 src/main.o
 *(.rodata)
 *(.rodata*)
 .rodata.str1.1
                0x00802007       0x14 src/main.o
 .rodata.Characters
                0x0080201b      0x1bc src/main.o
                0x0080201b                Characters
 *(.gnu.linkonce.d*)
                0x008021d8                . = ALIGN (0x2)
 *fill*         0x008021d7        0x1 
                0x008021d8                _edata = .
                0x008021d8                PROVIDE (__data_end, .)

.bss            0x008021d8       0x6d
                0x008021d8                PROVIDE (__bss_start, .)
 *(.bss)
 *(.bss*)
 .bss.tc_tcf0_ccd_callback
                0x008021d8        0x2 src/ASF/xmega/drivers/tc/tc.o
 .bss.tc_tcf0_ccc_callback
                0x008021da        0x2 src/ASF/xmega/drivers/tc/tc.o
 .bss.tc_tcf0_ccb_callback
                0x008021dc        0x2 src/ASF/xmega/drivers/tc/tc.o
 .bss.tc_tcf0_cca_callback
                0x008021de        0x2 src/ASF/xmega/drivers/tc/tc.o
 .bss.tc_tcf0_err_callback
                0x008021e0        0x2 src/ASF/xmega/drivers/tc/tc.o
 .bss.tc_tcf0_ovf_callback
                0x008021e2        0x2 src/ASF/xmega/drivers/tc/tc.o
 .bss.tc_tce1_ccb_callback
                0x008021e4        0x2 src/ASF/xmega/drivers/tc/tc.o
 .bss.tc_tce1_cca_callback
                0x008021e6        0x2 src/ASF/xmega/drivers/tc/tc.o
 .bss.tc_tce1_err_callback
                0x008021e8        0x2 src/ASF/xmega/drivers/tc/tc.o
 .bss.tc_tce1_ovf_callback
                0x008021ea        0x2 src/ASF/xmega/drivers/tc/tc.o
 .bss.tc_tce0_ccd_callback
                0x008021ec        0x2 src/ASF/xmega/drivers/tc/tc.o
 .bss.tc_tce0_ccc_callback
                0x008021ee        0x2 src/ASF/xmega/drivers/tc/tc.o
 .bss.tc_tce0_ccb_callback
                0x008021f0        0x2 src/ASF/xmega/drivers/tc/tc.o
 .bss.tc_tce0_cca_callback
                0x008021f2        0x2 src/ASF/xmega/drivers/tc/tc.o
 .bss.tc_tce0_err_callback
                0x008021f4        0x2 src/ASF/xmega/drivers/tc/tc.o
 .bss.tc_tce0_ovf_callback
                0x008021f6        0x2 src/ASF/xmega/drivers/tc/tc.o
 .bss.tc_tcd1_ccb_callback
                0x008021f8        0x2 src/ASF/xmega/drivers/tc/tc.o
 .bss.tc_tcd1_cca_callback
                0x008021fa        0x2 src/ASF/xmega/drivers/tc/tc.o
 .bss.tc_tcd1_err_callback
                0x008021fc        0x2 src/ASF/xmega/drivers/tc/tc.o
 .bss.tc_tcd1_ovf_callback
                0x008021fe        0x2 src/ASF/xmega/drivers/tc/tc.o
 .bss.tc_tcd0_ccd_callback
                0x00802200        0x2 src/ASF/xmega/drivers/tc/tc.o
 .bss.tc_tcd0_ccc_callback
                0x00802202        0x2 src/ASF/xmega/drivers/tc/tc.o
 .bss.tc_tcd0_ccb_callback
                0x00802204        0x2 src/ASF/xmega/drivers/tc/tc.o
 .bss.tc_tcd0_cca_callback
                0x00802206        0x2 src/ASF/xmega/drivers/tc/tc.o
 .bss.tc_tcd0_err_callback
                0x00802208        0x2 src/ASF/xmega/drivers/tc/tc.o
 .bss.tc_tcd0_ovf_callback
                0x0080220a        0x2 src/ASF/xmega/drivers/tc/tc.o
 .bss.tc_tcc1_ccb_callback
                0x0080220c        0x2 src/ASF/xmega/drivers/tc/tc.o
 .bss.tc_tcc1_cca_callback
                0x0080220e        0x2 src/ASF/xmega/drivers/tc/tc.o
 .bss.tc_tcc1_err_callback
                0x00802210        0x2 src/ASF/xmega/drivers/tc/tc.o
 .bss.tc_tcc1_ovf_callback
                0x00802212        0x2 src/ASF/xmega/drivers/tc/tc.o
 .bss.tc_tcc0_ccd_callback
                0x00802214        0x2 src/ASF/xmega/drivers/tc/tc.o
 .bss.tc_tcc0_ccc_callback
                0x00802216        0x2 src/ASF/xmega/drivers/tc/tc.o
 .bss.tc_tcc0_ccb_callback
                0x00802218        0x2 src/ASF/xmega/drivers/tc/tc.o
 .bss.tc_tcc0_cca_callback
                0x0080221a        0x2 src/ASF/xmega/drivers/tc/tc.o
 .bss.tc_tcc0_err_callback
                0x0080221c        0x2 src/ASF/xmega/drivers/tc/tc.o
 .bss.tc_tcc0_ovf_callback
                0x0080221e        0x2 src/ASF/xmega/drivers/tc/tc.o
 .bss.start_line_address
                0x00802220        0x1 src/main.o
                0x00802220                start_line_address
 *(COMMON)
 COMMON         0x00802221        0x6 src/ASF/common/services/sleepmgr/xmega/sleepmgr.o
                0x00802221                sleepmgr_locks
 COMMON         0x00802227       0x1e src/main.o
                0x00802227                mypwm
                0x00802243                column_address
                0x00802244                page_address
                0x00802245                PROVIDE (__bss_end, .)
                0x000027fa                __data_load_start = LOADADDR (.data)
                0x000029d2                __data_load_end = (__data_load_start + SIZEOF (.data))

.noinit         0x00802245        0x0
                [!provide]                PROVIDE (__noinit_start, .)
 *(.noinit*)
                [!provide]                PROVIDE (__noinit_end, .)
                0x00802245                _end = .
                [!provide]                PROVIDE (__heap_start, .)

.eeprom         0x00810000        0x0
 *(.eeprom*)
                0x00810000                __eeprom_end = .

.fuse
 *(.fuse)
 *(.lfuse)
 *(.hfuse)
 *(.efuse)

.lock
 *(.lock*)

.signature
 *(.signature*)

.user_signatures
 *(.user_signatures*)

.stab
 *(.stab)

.stabstr
 *(.stabstr)

.stab.excl
 *(.stab.excl)

.stab.exclstr
 *(.stab.exclstr)

.stab.index
 *(.stab.index)

.stab.indexstr
 *(.stab.indexstr)

.comment        0x00000000       0x30
 *(.comment)
 .comment       0x00000000       0x30 src/ASF/common/components/display/st7565r/st7565r.o
                                 0x31 (size before relaxing)
 .comment       0x00000030       0x31 src/ASF/common/services/sleepmgr/xmega/sleepmgr.o
 .comment       0x00000030       0x31 src/ASF/xmega/drivers/tc/tc.o
 .comment       0x00000030       0x31 src/ASF/xmega/drivers/usart/usart.o
 .comment       0x00000030       0x31 src/ASF/common/services/spi/xmega_usart_spi/usart_spi.o
 .comment       0x00000030       0x31 src/ASF/common/services/clock/xmega/sysclk.o
 .comment       0x00000030       0x31 src/ASF/xmega/services/pwm/pwm.o
 .comment       0x00000030       0x31 src/ASF/common/services/ioport/xmega/ioport_compat.o
 .comment       0x00000030       0x31 src/ASF/xmega/boards/xmega_a3bu_xplained/init.o
 .comment       0x00000030       0x31 src/main.o

.note.gnu.avr.deviceinfo
                0x00000000       0x44
 .note.gnu.avr.deviceinfo
                0x00000000       0x44 C:/Program Files (x86)/Atmel/Studio/7.0/Packs/atmel/XMEGAA_DFP/1.1.68/gcc/dev/atxmega256a3bu/avrxmega6/crtatxmega256a3bu.o

.note.gnu.build-id
 *(.note.gnu.build-id)

.debug
 *(.debug)

.line
 *(.line)

.debug_srcinfo
 *(.debug_srcinfo)

.debug_sfnames
 *(.debug_sfnames)

.debug_aranges  0x00000000      0x368
 *(.debug_aranges)
 .debug_aranges
                0x00000000       0x28 src/ASF/common/components/display/st7565r/st7565r.o
 .debug_aranges
                0x00000028       0x18 src/ASF/common/services/sleepmgr/xmega/sleepmgr.o
 .debug_aranges
                0x00000040      0x178 src/ASF/xmega/drivers/tc/tc.o
 .debug_aranges
                0x000001b8       0x58 src/ASF/xmega/drivers/usart/usart.o
 .debug_aranges
                0x00000210       0x48 src/ASF/common/services/spi/xmega_usart_spi/usart_spi.o
 .debug_aranges
                0x00000258       0x40 src/ASF/common/services/clock/xmega/sysclk.o
 .debug_aranges
                0x00000298       0x20 src/ASF/xmega/drivers/cpu/ccp.o
 .debug_aranges
                0x000002b8       0x30 src/ASF/xmega/services/pwm/pwm.o
 .debug_aranges
                0x000002e8       0x20 src/ASF/common/services/ioport/xmega/ioport_compat.o
 .debug_aranges
                0x00000308       0x20 src/ASF/xmega/boards/xmega_a3bu_xplained/init.o
 .debug_aranges
                0x00000328       0x40 src/main.o

.debug_pubnames
 *(.debug_pubnames)

.debug_info     0x00000000     0xea2d
 *(.debug_info .gnu.linkonce.wi.*)
 .debug_info    0x00000000     0x3379 C:/Program Files (x86)/Atmel/Studio/7.0/Packs/atmel/XMEGAA_DFP/1.1.68/gcc/dev/atxmega256a3bu/avrxmega6/crtatxmega256a3bu.o
 .debug_info    0x00003379     0x1945 src/ASF/common/components/display/st7565r/st7565r.o
 .debug_info    0x00004cbe      0x129 src/ASF/common/services/sleepmgr/xmega/sleepmgr.o
 .debug_info    0x00004de7     0x1935 src/ASF/xmega/drivers/tc/tc.o
 .debug_info    0x0000671c     0x2ce5 src/ASF/xmega/drivers/usart/usart.o
 .debug_info    0x00009401      0xb7e src/ASF/common/services/spi/xmega_usart_spi/usart_spi.o
 .debug_info    0x00009f7f      0x8ad src/ASF/common/services/clock/xmega/sysclk.o
 .debug_info    0x0000a82c       0xa0 src/ASF/xmega/drivers/cpu/ccp.o
 .debug_info    0x0000a8cc     0x13d4 src/ASF/xmega/services/pwm/pwm.o
 .debug_info    0x0000bca0      0x121 src/ASF/common/services/ioport/xmega/ioport_compat.o
 .debug_info    0x0000bdc1      0xaeb src/ASF/xmega/boards/xmega_a3bu_xplained/init.o
 .debug_info    0x0000c8ac     0x2181 src/main.o

.debug_abbrev   0x00000000     0x4838
 *(.debug_abbrev)
 .debug_abbrev  0x00000000     0x30c4 C:/Program Files (x86)/Atmel/Studio/7.0/Packs/atmel/XMEGAA_DFP/1.1.68/gcc/dev/atxmega256a3bu/avrxmega6/crtatxmega256a3bu.o
 .debug_abbrev  0x000030c4      0x2a0 src/ASF/common/components/display/st7565r/st7565r.o
 .debug_abbrev  0x00003364       0x84 src/ASF/common/services/sleepmgr/xmega/sleepmgr.o
 .debug_abbrev  0x000033e8      0x29b src/ASF/xmega/drivers/tc/tc.o
 .debug_abbrev  0x00003683      0x3f5 src/ASF/xmega/drivers/usart/usart.o
 .debug_abbrev  0x00003a78      0x2d8 src/ASF/common/services/spi/xmega_usart_spi/usart_spi.o
 .debug_abbrev  0x00003d50      0x24e src/ASF/common/services/clock/xmega/sysclk.o
 .debug_abbrev  0x00003f9e       0x14 src/ASF/xmega/drivers/cpu/ccp.o
 .debug_abbrev  0x00003fb2      0x297 src/ASF/xmega/services/pwm/pwm.o
 .debug_abbrev  0x00004249       0x95 src/ASF/common/services/ioport/xmega/ioport_compat.o
 .debug_abbrev  0x000042de      0x14a src/ASF/xmega/boards/xmega_a3bu_xplained/init.o
 .debug_abbrev  0x00004428      0x410 src/main.o

.debug_line     0x00000000     0x627f
 *(.debug_line .debug_line.* .debug_line_end)
 .debug_line    0x00000000      0x39d C:/Program Files (x86)/Atmel/Studio/7.0/Packs/atmel/XMEGAA_DFP/1.1.68/gcc/dev/atxmega256a3bu/avrxmega6/crtatxmega256a3bu.o
 .debug_line    0x0000039d      0xac3 src/ASF/common/components/display/st7565r/st7565r.o
 .debug_line    0x00000e60      0x457 src/ASF/common/services/sleepmgr/xmega/sleepmgr.o
 .debug_line    0x000012b7      0xed2 src/ASF/xmega/drivers/tc/tc.o
 .debug_line    0x00002189      0xc9d src/ASF/xmega/drivers/usart/usart.o
 .debug_line    0x00002e26      0x7d6 src/ASF/common/services/spi/xmega_usart_spi/usart_spi.o
 .debug_line    0x000035fc      0x6b4 src/ASF/common/services/clock/xmega/sysclk.o
 .debug_line    0x00003cb0       0x6e src/ASF/xmega/drivers/cpu/ccp.o
 .debug_line    0x00003d1e      0xb8e src/ASF/xmega/services/pwm/pwm.o
 .debug_line    0x000048ac      0x4b4 src/ASF/common/services/ioport/xmega/ioport_compat.o
 .debug_line    0x00004d60      0x4df src/ASF/xmega/boards/xmega_a3bu_xplained/init.o
 .debug_line    0x0000523f     0x1040 src/main.o

.debug_frame    0x00000000     0x11ec
 *(.debug_frame)
 .debug_frame   0x00000000       0x68 src/ASF/common/components/display/st7565r/st7565r.o
 .debug_frame   0x00000068      0xd24 src/ASF/xmega/drivers/tc/tc.o
 .debug_frame   0x00000d8c      0x14c src/ASF/xmega/drivers/usart/usart.o
 .debug_frame   0x00000ed8       0x90 src/ASF/common/services/spi/xmega_usart_spi/usart_spi.o
 .debug_frame   0x00000f68       0xa4 src/ASF/common/services/clock/xmega/sysclk.o
 .debug_frame   0x0000100c       0x84 src/ASF/xmega/services/pwm/pwm.o
 .debug_frame   0x00001090       0x30 src/ASF/common/services/ioport/xmega/ioport_compat.o
 .debug_frame   0x000010c0       0x24 src/ASF/xmega/boards/xmega_a3bu_xplained/init.o
 .debug_frame   0x000010e4      0x108 src/main.o

.debug_str      0x00000000    0x300ea
 *(.debug_str)
 .debug_str     0x00000000     0x21e4 C:/Program Files (x86)/Atmel/Studio/7.0/Packs/atmel/XMEGAA_DFP/1.1.68/gcc/dev/atxmega256a3bu/avrxmega6/crtatxmega256a3bu.o
 .debug_str     0x000021e4    0x2b71a src/ASF/common/components/display/st7565r/st7565r.o
                              0x2bf60 (size before relaxing)
 .debug_str     0x0002d8fe      0x3d4 src/ASF/common/services/sleepmgr/xmega/sleepmgr.o
                              0x28784 (size before relaxing)
 .debug_str     0x0002dcd2      0xb02 src/ASF/xmega/drivers/tc/tc.o
                              0x2b715 (size before relaxing)
 .debug_str     0x0002e7d4      0x959 src/ASF/xmega/drivers/usart/usart.o
                              0x2c074 (size before relaxing)
 .debug_str     0x0002f12d       0x87 src/ASF/common/services/spi/xmega_usart_spi/usart_spi.o
                              0x2b535 (size before relaxing)
 .debug_str     0x0002f1b4      0x2fe src/ASF/common/services/clock/xmega/sysclk.o
                              0x2ad64 (size before relaxing)
 .debug_str     0x0002f4b2      0x8e7 src/ASF/xmega/services/pwm/pwm.o
                              0x2cc44 (size before relaxing)
 .debug_str     0x0002fd99       0x77 src/ASF/common/services/ioport/xmega/ioport_compat.o
                              0x28a3b (size before relaxing)
 .debug_str     0x0002fe10       0xf7 src/ASF/xmega/boards/xmega_a3bu_xplained/init.o
                              0x2a66c (size before relaxing)
 .debug_str     0x0002ff07      0x1e3 src/main.o
                              0x2cce7 (size before relaxing)

.debug_loc      0x00000000     0x556b
 *(.debug_loc)
 .debug_loc     0x00000000      0x7c9 src/ASF/common/components/display/st7565r/st7565r.o
 .debug_loc     0x000007c9     0x1df6 src/ASF/xmega/drivers/tc/tc.o
 .debug_loc     0x000025bf      0xe14 src/ASF/xmega/drivers/usart/usart.o
 .debug_loc     0x000033d3      0x56c src/ASF/common/services/spi/xmega_usart_spi/usart_spi.o
 .debug_loc     0x0000393f      0x329 src/ASF/common/services/clock/xmega/sysclk.o
 .debug_loc     0x00003c68      0x5c5 src/ASF/xmega/services/pwm/pwm.o
 .debug_loc     0x0000422d       0x66 src/ASF/common/services/ioport/xmega/ioport_compat.o
 .debug_loc     0x00004293      0x3fa src/ASF/xmega/boards/xmega_a3bu_xplained/init.o
 .debug_loc     0x0000468d      0xede src/main.o

.debug_macinfo
 *(.debug_macinfo)

.debug_weaknames
 *(.debug_weaknames)

.debug_funcnames
 *(.debug_funcnames)

.debug_typenames
 *(.debug_typenames)

.debug_varnames
 *(.debug_varnames)

.debug_pubtypes
 *(.debug_pubtypes)

.debug_ranges   0x00000000      0x410
 *(.debug_ranges)
 .debug_ranges  0x00000000       0x18 src/ASF/common/components/display/st7565r/st7565r.o
 .debug_ranges  0x00000018      0x168 src/ASF/xmega/drivers/tc/tc.o
 .debug_ranges  0x00000180       0x80 src/ASF/xmega/drivers/usart/usart.o
 .debug_ranges  0x00000200       0x98 src/ASF/common/services/spi/xmega_usart_spi/usart_spi.o
 .debug_ranges  0x00000298       0x30 src/ASF/common/services/clock/xmega/sysclk.o
 .debug_ranges  0x000002c8       0x20 src/ASF/xmega/services/pwm/pwm.o
 .debug_ranges  0x000002e8       0x10 src/ASF/common/services/ioport/xmega/ioport_compat.o
 .debug_ranges  0x000002f8       0x10 src/ASF/xmega/boards/xmega_a3bu_xplained/init.o
 .debug_ranges  0x00000308      0x108 src/main.o

.debug_macro    0x00000000     0xb42e
 *(.debug_macro)
 .debug_macro   0x00000000      0x278 src/ASF/common/components/display/st7565r/st7565r.o
 .debug_macro   0x00000278      0xa96 src/ASF/common/components/display/st7565r/st7565r.o
 .debug_macro   0x00000d0e       0x10 src/ASF/common/components/display/st7565r/st7565r.o
 .debug_macro   0x00000d1e      0x1c9 src/ASF/common/components/display/st7565r/st7565r.o
 .debug_macro   0x00000ee7      0x2fc src/ASF/common/components/display/st7565r/st7565r.o
 .debug_macro   0x000011e3       0x9e src/ASF/common/components/display/st7565r/st7565r.o
 .debug_macro   0x00001281     0x6271 src/ASF/common/components/display/st7565r/st7565r.o
 .debug_macro   0x000074f2       0x9a src/ASF/common/components/display/st7565r/st7565r.o
 .debug_macro   0x0000758c       0xf1 src/ASF/common/components/display/st7565r/st7565r.o
 .debug_macro   0x0000767d       0x34 src/ASF/common/components/display/st7565r/st7565r.o
 .debug_macro   0x000076b1       0x16 src/ASF/common/components/display/st7565r/st7565r.o
 .debug_macro   0x000076c7       0x18 src/ASF/common/components/display/st7565r/st7565r.o
 .debug_macro   0x000076df       0x5e src/ASF/common/components/display/st7565r/st7565r.o
 .debug_macro   0x0000773d       0x10 src/ASF/common/components/display/st7565r/st7565r.o
 .debug_macro   0x0000774d       0x22 src/ASF/common/components/display/st7565r/st7565r.o
 .debug_macro   0x0000776f      0x16d src/ASF/common/components/display/st7565r/st7565r.o
 .debug_macro   0x000078dc       0x1c src/ASF/common/components/display/st7565r/st7565r.o
 .debug_macro   0x000078f8       0x35 src/ASF/common/components/display/st7565r/st7565r.o
 .debug_macro   0x0000792d       0x66 src/ASF/common/components/display/st7565r/st7565r.o
 .debug_macro   0x00007993      0x64b src/ASF/common/components/display/st7565r/st7565r.o
 .debug_macro   0x00007fde       0x97 src/ASF/common/components/display/st7565r/st7565r.o
 .debug_macro   0x00008075       0x17 src/ASF/common/components/display/st7565r/st7565r.o
 .debug_macro   0x0000808c      0x250 src/ASF/common/components/display/st7565r/st7565r.o
 .debug_macro   0x000082dc       0x76 src/ASF/common/components/display/st7565r/st7565r.o
 .debug_macro   0x00008352       0x16 src/ASF/common/components/display/st7565r/st7565r.o
 .debug_macro   0x00008368      0x6e3 src/ASF/common/components/display/st7565r/st7565r.o
 .debug_macro   0x00008a4b       0x10 src/ASF/common/components/display/st7565r/st7565r.o
 .debug_macro   0x00008a5b      0x175 src/ASF/common/components/display/st7565r/st7565r.o
 .debug_macro   0x00008bd0       0x40 src/ASF/common/components/display/st7565r/st7565r.o
 .debug_macro   0x00008c10       0x69 src/ASF/common/components/display/st7565r/st7565r.o
 .debug_macro   0x00008c79       0x32 src/ASF/common/components/display/st7565r/st7565r.o
 .debug_macro   0x00008cab       0xe4 src/ASF/common/components/display/st7565r/st7565r.o
 .debug_macro   0x00008d8f       0x1c src/ASF/common/components/display/st7565r/st7565r.o
 .debug_macro   0x00008dab      0x2c6 src/ASF/common/components/display/st7565r/st7565r.o
 .debug_macro   0x00009071      0x303 src/ASF/common/components/display/st7565r/st7565r.o
 .debug_macro   0x00009374       0x7d src/ASF/common/components/display/st7565r/st7565r.o
 .debug_macro   0x000093f1       0x2f src/ASF/common/components/display/st7565r/st7565r.o
 .debug_macro   0x00009420      0x15b src/ASF/common/components/display/st7565r/st7565r.o
 .debug_macro   0x0000957b       0x82 src/ASF/common/components/display/st7565r/st7565r.o
 .debug_macro   0x000095fd      0x109 src/ASF/common/components/display/st7565r/st7565r.o
 .debug_macro   0x00009706       0x28 src/ASF/common/components/display/st7565r/st7565r.o
 .debug_macro   0x0000972e       0x23 src/ASF/common/components/display/st7565r/st7565r.o
 .debug_macro   0x00009751       0x3a src/ASF/common/components/display/st7565r/st7565r.o
 .debug_macro   0x0000978b      0x100 src/ASF/common/components/display/st7565r/st7565r.o
 .debug_macro   0x0000988b       0x34 src/ASF/common/components/display/st7565r/st7565r.o
 .debug_macro   0x000098bf       0x2e src/ASF/common/components/display/st7565r/st7565r.o
 .debug_macro   0x000098ed      0x1a3 src/ASF/common/services/sleepmgr/xmega/sleepmgr.o
 .debug_macro   0x00009a90       0x10 src/ASF/common/services/sleepmgr/xmega/sleepmgr.o
 .debug_macro   0x00009aa0       0x42 src/ASF/common/services/sleepmgr/xmega/sleepmgr.o
 .debug_macro   0x00009ae2      0x225 src/ASF/xmega/drivers/tc/tc.o
 .debug_macro   0x00009d07      0x302 src/ASF/xmega/drivers/tc/tc.o
 .debug_macro   0x0000a009       0x12 src/ASF/xmega/drivers/tc/tc.o
 .debug_macro   0x0000a01b      0x223 src/ASF/xmega/drivers/usart/usart.o
 .debug_macro   0x0000a23e      0x236 src/ASF/common/services/spi/xmega_usart_spi/usart_spi.o
 .debug_macro   0x0000a474      0x1db src/ASF/common/services/clock/xmega/sysclk.o
 .debug_macro   0x0000a64f       0x26 src/ASF/common/services/clock/xmega/sysclk.o
 .debug_macro   0x0000a675      0x330 src/ASF/xmega/services/pwm/pwm.o
 .debug_macro   0x0000a9a5       0x34 src/ASF/xmega/services/pwm/pwm.o
 .debug_macro   0x0000a9d9       0x40 src/ASF/xmega/services/pwm/pwm.o
 .debug_macro   0x0000aa19       0x3a src/ASF/xmega/services/pwm/pwm.o
 .debug_macro   0x0000aa53       0x1c src/ASF/xmega/services/pwm/pwm.o
 .debug_macro   0x0000aa6f      0x195 src/ASF/common/services/ioport/xmega/ioport_compat.o
 .debug_macro   0x0000ac04      0x1b7 src/ASF/xmega/boards/xmega_a3bu_xplained/init.o
 .debug_macro   0x0000adbb       0x2e src/ASF/xmega/boards/xmega_a3bu_xplained/init.o
 .debug_macro   0x0000ade9      0x2c0 src/ASF/xmega/boards/xmega_a3bu_xplained/init.o
 .debug_macro   0x0000b0a9      0x307 src/main.o
 .debug_macro   0x0000b3b0       0x22 src/main.o
 .debug_macro   0x0000b3d2       0x46 src/main.o
 .debug_macro   0x0000b418       0x16 src/main.o
OUTPUT(FinalProject.elf elf32-avr)
LOAD linker stubs

.BOOT           0x00040000        0x0
