Archive member included to satisfy reference by file (symbol)

c:/program files (x86)/atmel/studio/7.0/toolchain/avr8/avr8-gnu-toolchain/bin/../lib/gcc/avr/5.4.0/avrxmega6\libgcc.a(_exit.o)
                              C:/Program Files (x86)/Atmel/Studio/7.0/Packs/atmel/XMEGAA_DFP/1.1.68/gcc/dev/atxmega256a3bu/avrxmega6/crtatxmega256a3bu.o (exit)

Discarded input sections

 .data          0x00000000        0x0 C:/Program Files (x86)/Atmel/Studio/7.0/Packs/atmel/XMEGAA_DFP/1.1.68/gcc/dev/atxmega256a3bu/avrxmega6/crtatxmega256a3bu.o
 .bss           0x00000000        0x0 C:/Program Files (x86)/Atmel/Studio/7.0/Packs/atmel/XMEGAA_DFP/1.1.68/gcc/dev/atxmega256a3bu/avrxmega6/crtatxmega256a3bu.o
 .group         0x00000000        0x8 src/ASF/common/services/ioport/xmega/ioport_compat.o
 .group         0x00000000        0x8 src/ASF/common/services/ioport/xmega/ioport_compat.o
 .group         0x00000000        0x8 src/ASF/common/services/ioport/xmega/ioport_compat.o
 .group         0x00000000        0x8 src/ASF/common/services/ioport/xmega/ioport_compat.o
 .group         0x00000000        0x8 src/ASF/common/services/ioport/xmega/ioport_compat.o
 .group         0x00000000        0x8 src/ASF/common/services/ioport/xmega/ioport_compat.o
 .group         0x00000000        0x8 src/ASF/common/services/ioport/xmega/ioport_compat.o
 .group         0x00000000        0x8 src/ASF/common/services/ioport/xmega/ioport_compat.o
 .group         0x00000000        0x8 src/ASF/common/services/ioport/xmega/ioport_compat.o
 .group         0x00000000        0x8 src/ASF/common/services/ioport/xmega/ioport_compat.o
 .group         0x00000000        0x8 src/ASF/common/services/ioport/xmega/ioport_compat.o
 .group         0x00000000        0x8 src/ASF/common/services/ioport/xmega/ioport_compat.o
 .group         0x00000000        0x8 src/ASF/common/services/ioport/xmega/ioport_compat.o
 .group         0x00000000        0x8 src/ASF/common/services/ioport/xmega/ioport_compat.o
 .group         0x00000000        0x8 src/ASF/common/services/ioport/xmega/ioport_compat.o
 .group         0x00000000        0x8 src/ASF/common/services/ioport/xmega/ioport_compat.o
 .group         0x00000000        0x8 src/ASF/common/services/ioport/xmega/ioport_compat.o
 .group         0x00000000        0x8 src/ASF/common/services/ioport/xmega/ioport_compat.o
 .group         0x00000000        0x8 src/ASF/common/services/ioport/xmega/ioport_compat.o
 .group         0x00000000        0x8 src/ASF/common/services/ioport/xmega/ioport_compat.o
 .group         0x00000000        0x8 src/ASF/common/services/ioport/xmega/ioport_compat.o
 .group         0x00000000        0x8 src/ASF/common/services/ioport/xmega/ioport_compat.o
 .group         0x00000000        0x8 src/ASF/common/services/ioport/xmega/ioport_compat.o
 .group         0x00000000        0x8 src/ASF/common/services/ioport/xmega/ioport_compat.o
 .group         0x00000000        0x8 src/ASF/common/services/ioport/xmega/ioport_compat.o
 .group         0x00000000        0x8 src/ASF/common/services/ioport/xmega/ioport_compat.o
 .group         0x00000000        0x8 src/ASF/common/services/ioport/xmega/ioport_compat.o
 .group         0x00000000        0x8 src/ASF/common/services/ioport/xmega/ioport_compat.o
 .group         0x00000000        0x8 src/ASF/common/services/ioport/xmega/ioport_compat.o
 .group         0x00000000        0x8 src/ASF/common/services/ioport/xmega/ioport_compat.o
 .group         0x00000000        0x8 src/ASF/common/services/ioport/xmega/ioport_compat.o
 .group         0x00000000        0x8 src/ASF/common/services/ioport/xmega/ioport_compat.o
 .group         0x00000000        0x8 src/ASF/common/services/ioport/xmega/ioport_compat.o
 .text          0x00000000        0x0 src/ASF/common/services/ioport/xmega/ioport_compat.o
 .data          0x00000000        0x0 src/ASF/common/services/ioport/xmega/ioport_compat.o
 .bss           0x00000000        0x0 src/ASF/common/services/ioport/xmega/ioport_compat.o
 .group         0x00000000        0x8 src/ASF/xmega/boards/xmega_a3bu_xplained/init.o
 .group         0x00000000        0x8 src/ASF/xmega/boards/xmega_a3bu_xplained/init.o
 .group         0x00000000        0x8 src/ASF/xmega/boards/xmega_a3bu_xplained/init.o
 .group         0x00000000        0x8 src/ASF/xmega/boards/xmega_a3bu_xplained/init.o
 .group         0x00000000        0x8 src/ASF/xmega/boards/xmega_a3bu_xplained/init.o
 .group         0x00000000        0x8 src/ASF/xmega/boards/xmega_a3bu_xplained/init.o
 .group         0x00000000        0x8 src/ASF/xmega/boards/xmega_a3bu_xplained/init.o
 .group         0x00000000        0x8 src/ASF/xmega/boards/xmega_a3bu_xplained/init.o
 .group         0x00000000        0x8 src/ASF/xmega/boards/xmega_a3bu_xplained/init.o
 .group         0x00000000        0x8 src/ASF/xmega/boards/xmega_a3bu_xplained/init.o
 .group         0x00000000        0x8 src/ASF/xmega/boards/xmega_a3bu_xplained/init.o
 .group         0x00000000        0x8 src/ASF/xmega/boards/xmega_a3bu_xplained/init.o
 .group         0x00000000        0x8 src/ASF/xmega/boards/xmega_a3bu_xplained/init.o
 .group         0x00000000        0x8 src/ASF/xmega/boards/xmega_a3bu_xplained/init.o
 .group         0x00000000        0x8 src/ASF/xmega/boards/xmega_a3bu_xplained/init.o
 .group         0x00000000        0x8 src/ASF/xmega/boards/xmega_a3bu_xplained/init.o
 .group         0x00000000        0x8 src/ASF/xmega/boards/xmega_a3bu_xplained/init.o
 .group         0x00000000        0x8 src/ASF/xmega/boards/xmega_a3bu_xplained/init.o
 .group         0x00000000        0x8 src/ASF/xmega/boards/xmega_a3bu_xplained/init.o
 .group         0x00000000        0x8 src/ASF/xmega/boards/xmega_a3bu_xplained/init.o
 .group         0x00000000        0x8 src/ASF/xmega/boards/xmega_a3bu_xplained/init.o
 .group         0x00000000        0x8 src/ASF/xmega/boards/xmega_a3bu_xplained/init.o
 .group         0x00000000        0x8 src/ASF/xmega/boards/xmega_a3bu_xplained/init.o
 .group         0x00000000        0x8 src/ASF/xmega/boards/xmega_a3bu_xplained/init.o
 .group         0x00000000        0x8 src/ASF/xmega/boards/xmega_a3bu_xplained/init.o
 .group         0x00000000        0x8 src/ASF/xmega/boards/xmega_a3bu_xplained/init.o
 .group         0x00000000        0x8 src/ASF/xmega/boards/xmega_a3bu_xplained/init.o
 .group         0x00000000        0x8 src/ASF/xmega/boards/xmega_a3bu_xplained/init.o
 .group         0x00000000        0x8 src/ASF/xmega/boards/xmega_a3bu_xplained/init.o
 .group         0x00000000        0x8 src/ASF/xmega/boards/xmega_a3bu_xplained/init.o
 .group         0x00000000        0x8 src/ASF/xmega/boards/xmega_a3bu_xplained/init.o
 .group         0x00000000        0x8 src/ASF/xmega/boards/xmega_a3bu_xplained/init.o
 .group         0x00000000        0x8 src/ASF/xmega/boards/xmega_a3bu_xplained/init.o
 .group         0x00000000        0x8 src/ASF/xmega/boards/xmega_a3bu_xplained/init.o
 .group         0x00000000        0x8 src/ASF/xmega/boards/xmega_a3bu_xplained/init.o
 .group         0x00000000        0x8 src/ASF/xmega/boards/xmega_a3bu_xplained/init.o
 .text          0x00000000        0x0 src/ASF/xmega/boards/xmega_a3bu_xplained/init.o
 .data          0x00000000        0x0 src/ASF/xmega/boards/xmega_a3bu_xplained/init.o
 .bss           0x00000000        0x0 src/ASF/xmega/boards/xmega_a3bu_xplained/init.o
 .debug_macro   0x00000000      0xa96 src/ASF/xmega/boards/xmega_a3bu_xplained/init.o
 .debug_macro   0x00000000       0x10 src/ASF/xmega/boards/xmega_a3bu_xplained/init.o
 .debug_macro   0x00000000      0x1c9 src/ASF/xmega/boards/xmega_a3bu_xplained/init.o
 .debug_macro   0x00000000      0x2fc src/ASF/xmega/boards/xmega_a3bu_xplained/init.o
 .debug_macro   0x00000000       0x9e src/ASF/xmega/boards/xmega_a3bu_xplained/init.o
 .debug_macro   0x00000000     0x6271 src/ASF/xmega/boards/xmega_a3bu_xplained/init.o
 .debug_macro   0x00000000       0x9a src/ASF/xmega/boards/xmega_a3bu_xplained/init.o
 .debug_macro   0x00000000       0xf1 src/ASF/xmega/boards/xmega_a3bu_xplained/init.o
 .debug_macro   0x00000000       0x34 src/ASF/xmega/boards/xmega_a3bu_xplained/init.o
 .debug_macro   0x00000000       0x16 src/ASF/xmega/boards/xmega_a3bu_xplained/init.o
 .debug_macro   0x00000000       0x18 src/ASF/xmega/boards/xmega_a3bu_xplained/init.o
 .debug_macro   0x00000000       0x5e src/ASF/xmega/boards/xmega_a3bu_xplained/init.o
 .debug_macro   0x00000000       0x10 src/ASF/xmega/boards/xmega_a3bu_xplained/init.o
 .debug_macro   0x00000000       0x22 src/ASF/xmega/boards/xmega_a3bu_xplained/init.o
 .debug_macro   0x00000000      0x16d src/ASF/xmega/boards/xmega_a3bu_xplained/init.o
 .debug_macro   0x00000000       0x1c src/ASF/xmega/boards/xmega_a3bu_xplained/init.o
 .debug_macro   0x00000000       0x35 src/ASF/xmega/boards/xmega_a3bu_xplained/init.o
 .debug_macro   0x00000000       0x66 src/ASF/xmega/boards/xmega_a3bu_xplained/init.o
 .debug_macro   0x00000000      0x64b src/ASF/xmega/boards/xmega_a3bu_xplained/init.o
 .debug_macro   0x00000000       0x97 src/ASF/xmega/boards/xmega_a3bu_xplained/init.o
 .debug_macro   0x00000000       0x17 src/ASF/xmega/boards/xmega_a3bu_xplained/init.o
 .debug_macro   0x00000000      0x250 src/ASF/xmega/boards/xmega_a3bu_xplained/init.o
 .debug_macro   0x00000000       0x76 src/ASF/xmega/boards/xmega_a3bu_xplained/init.o
 .debug_macro   0x00000000       0x16 src/ASF/xmega/boards/xmega_a3bu_xplained/init.o
 .debug_macro   0x00000000      0x6e3 src/ASF/xmega/boards/xmega_a3bu_xplained/init.o
 .debug_macro   0x00000000       0x10 src/ASF/xmega/boards/xmega_a3bu_xplained/init.o
 .debug_macro   0x00000000      0x175 src/ASF/xmega/boards/xmega_a3bu_xplained/init.o
 .debug_macro   0x00000000       0x40 src/ASF/xmega/boards/xmega_a3bu_xplained/init.o
 .debug_macro   0x00000000       0x69 src/ASF/xmega/boards/xmega_a3bu_xplained/init.o
 .debug_macro   0x00000000       0x32 src/ASF/xmega/boards/xmega_a3bu_xplained/init.o
 .debug_macro   0x00000000       0xe4 src/ASF/xmega/boards/xmega_a3bu_xplained/init.o
 .debug_macro   0x00000000       0x82 src/ASF/xmega/boards/xmega_a3bu_xplained/init.o
 .debug_macro   0x00000000      0x109 src/ASF/xmega/boards/xmega_a3bu_xplained/init.o
 .group         0x00000000        0x8 src/main.o
 .group         0x00000000        0x8 src/main.o
 .group         0x00000000        0x8 src/main.o
 .group         0x00000000        0x8 src/main.o
 .group         0x00000000        0x8 src/main.o
 .group         0x00000000        0x8 src/main.o
 .group         0x00000000        0x8 src/main.o
 .group         0x00000000        0x8 src/main.o
 .group         0x00000000        0x8 src/main.o
 .group         0x00000000        0x8 src/main.o
 .group         0x00000000        0x8 src/main.o
 .group         0x00000000        0x8 src/main.o
 .group         0x00000000        0x8 src/main.o
 .group         0x00000000        0x8 src/main.o
 .group         0x00000000        0x8 src/main.o
 .group         0x00000000        0x8 src/main.o
 .group         0x00000000        0x8 src/main.o
 .group         0x00000000        0x8 src/main.o
 .group         0x00000000        0x8 src/main.o
 .group         0x00000000        0x8 src/main.o
 .group         0x00000000        0x8 src/main.o
 .group         0x00000000        0x8 src/main.o
 .group         0x00000000        0x8 src/main.o
 .group         0x00000000        0x8 src/main.o
 .group         0x00000000        0x8 src/main.o
 .group         0x00000000        0x8 src/main.o
 .group         0x00000000        0x8 src/main.o
 .group         0x00000000        0x8 src/main.o
 .group         0x00000000        0x8 src/main.o
 .group         0x00000000        0x8 src/main.o
 .group         0x00000000        0x8 src/main.o
 .group         0x00000000        0x8 src/main.o
 .group         0x00000000        0x8 src/main.o
 .group         0x00000000        0x8 src/main.o
 .group         0x00000000        0x8 src/main.o
 .group         0x00000000        0x8 src/main.o
 .group         0x00000000        0x8 src/main.o
 .text          0x00000000        0x0 src/main.o
 .data          0x00000000        0x0 src/main.o
 .bss           0x00000000        0x0 src/main.o
 .debug_macro   0x00000000      0xa96 src/main.o
 .debug_macro   0x00000000      0x64b src/main.o
 .debug_macro   0x00000000       0x10 src/main.o
 .debug_macro   0x00000000      0x1c9 src/main.o
 .debug_macro   0x00000000      0x2fc src/main.o
 .debug_macro   0x00000000       0x9e src/main.o
 .debug_macro   0x00000000     0x6271 src/main.o
 .debug_macro   0x00000000       0x9a src/main.o
 .debug_macro   0x00000000       0xf1 src/main.o
 .debug_macro   0x00000000       0x34 src/main.o
 .debug_macro   0x00000000       0x16 src/main.o
 .debug_macro   0x00000000       0x18 src/main.o
 .debug_macro   0x00000000       0x5e src/main.o
 .debug_macro   0x00000000       0x10 src/main.o
 .debug_macro   0x00000000       0x22 src/main.o
 .debug_macro   0x00000000      0x16d src/main.o
 .debug_macro   0x00000000       0x1c src/main.o
 .debug_macro   0x00000000       0x35 src/main.o
 .debug_macro   0x00000000       0x66 src/main.o
 .debug_macro   0x00000000       0x97 src/main.o
 .debug_macro   0x00000000       0x17 src/main.o
 .debug_macro   0x00000000      0x250 src/main.o
 .debug_macro   0x00000000       0x76 src/main.o
 .debug_macro   0x00000000       0x16 src/main.o
 .debug_macro   0x00000000      0x6e3 src/main.o
 .debug_macro   0x00000000       0x10 src/main.o
 .debug_macro   0x00000000      0x175 src/main.o
 .debug_macro   0x00000000       0x40 src/main.o
 .debug_macro   0x00000000       0x69 src/main.o
 .debug_macro   0x00000000       0x32 src/main.o
 .debug_macro   0x00000000       0xe4 src/main.o
 .debug_macro   0x00000000       0x82 src/main.o
 .debug_macro   0x00000000      0x109 src/main.o
 .debug_macro   0x00000000      0x303 src/main.o
 .text          0x00000000        0x0 c:/program files (x86)/atmel/studio/7.0/toolchain/avr8/avr8-gnu-toolchain/bin/../lib/gcc/avr/5.4.0/avrxmega6\libgcc.a(_exit.o)
 .data          0x00000000        0x0 c:/program files (x86)/atmel/studio/7.0/toolchain/avr8/avr8-gnu-toolchain/bin/../lib/gcc/avr/5.4.0/avrxmega6\libgcc.a(_exit.o)
 .bss           0x00000000        0x0 c:/program files (x86)/atmel/studio/7.0/toolchain/avr8/avr8-gnu-toolchain/bin/../lib/gcc/avr/5.4.0/avrxmega6\libgcc.a(_exit.o)
 .text.libgcc.mul
                0x00000000        0x0 c:/program files (x86)/atmel/studio/7.0/toolchain/avr8/avr8-gnu-toolchain/bin/../lib/gcc/avr/5.4.0/avrxmega6\libgcc.a(_exit.o)
 .text.libgcc.div
                0x00000000        0x0 c:/program files (x86)/atmel/studio/7.0/toolchain/avr8/avr8-gnu-toolchain/bin/../lib/gcc/avr/5.4.0/avrxmega6\libgcc.a(_exit.o)
 .text.libgcc   0x00000000        0x0 c:/program files (x86)/atmel/studio/7.0/toolchain/avr8/avr8-gnu-toolchain/bin/../lib/gcc/avr/5.4.0/avrxmega6\libgcc.a(_exit.o)
 .text.libgcc.prologue
                0x00000000        0x0 c:/program files (x86)/atmel/studio/7.0/toolchain/avr8/avr8-gnu-toolchain/bin/../lib/gcc/avr/5.4.0/avrxmega6\libgcc.a(_exit.o)
 .text.libgcc.builtins
                0x00000000        0x0 c:/program files (x86)/atmel/studio/7.0/toolchain/avr8/avr8-gnu-toolchain/bin/../lib/gcc/avr/5.4.0/avrxmega6\libgcc.a(_exit.o)
 .text.libgcc.fmul
                0x00000000        0x0 c:/program files (x86)/atmel/studio/7.0/toolchain/avr8/avr8-gnu-toolchain/bin/../lib/gcc/avr/5.4.0/avrxmega6\libgcc.a(_exit.o)
 .text.libgcc.fixed
                0x00000000        0x0 c:/program files (x86)/atmel/studio/7.0/toolchain/avr8/avr8-gnu-toolchain/bin/../lib/gcc/avr/5.4.0/avrxmega6\libgcc.a(_exit.o)

Memory Configuration

Name             Origin             Length             Attributes
text             0x00000000         0x00100000         xr
data             0x00802000         0x0000ffa0         rw !x
eeprom           0x00810000         0x00010000         rw !x
fuse             0x00820000         0x00000006         rw !x
lock             0x00830000         0x00000400         rw !x
signature        0x00840000         0x00000400         rw !x
user_signatures  0x00850000         0x00000400         rw !x
*default*        0x00000000         0xffffffff

Linker script and memory map

LOAD C:/Program Files (x86)/Atmel/Studio/7.0/Packs/atmel/XMEGAA_DFP/1.1.68/gcc/dev/atxmega256a3bu/avrxmega6/crtatxmega256a3bu.o
LOAD src/ASF/common/services/ioport/xmega/ioport_compat.o
LOAD src/ASF/xmega/boards/xmega_a3bu_xplained/init.o
LOAD src/main.o
START GROUP
LOAD c:/program files (x86)/atmel/studio/7.0/toolchain/avr8/avr8-gnu-toolchain/bin/../lib/gcc/avr/5.4.0/../../../../avr/lib/avrxmega6\libm.a
END GROUP
Address of section .BOOT set to 0x40000
START GROUP
LOAD c:/program files (x86)/atmel/studio/7.0/toolchain/avr8/avr8-gnu-toolchain/bin/../lib/gcc/avr/5.4.0/avrxmega6\libgcc.a
LOAD c:/program files (x86)/atmel/studio/7.0/toolchain/avr8/avr8-gnu-toolchain/bin/../lib/gcc/avr/5.4.0/../../../../avr/lib/avrxmega6\libm.a
LOAD c:/program files (x86)/atmel/studio/7.0/toolchain/avr8/avr8-gnu-toolchain/bin/../lib/gcc/avr/5.4.0/../../../../avr/lib/avrxmega6\libc.a
LOAD C:/Program Files (x86)/Atmel/Studio/7.0/Packs/atmel/XMEGAA_DFP/1.1.68/gcc/dev/atxmega256a3bu/avrxmega6\libatxmega256a3bu.a
END GROUP
                0x00100000                __TEXT_REGION_LENGTH__ = DEFINED (__TEXT_REGION_LENGTH__)?__TEXT_REGION_LENGTH__:0x100000
                0x0000ffa0                __DATA_REGION_LENGTH__ = DEFINED (__DATA_REGION_LENGTH__)?__DATA_REGION_LENGTH__:0xffa0
                0x00010000                __EEPROM_REGION_LENGTH__ = DEFINED (__EEPROM_REGION_LENGTH__)?__EEPROM_REGION_LENGTH__:0x10000
                [0x00000006]                __FUSE_REGION_LENGTH__ = DEFINED (__FUSE_REGION_LENGTH__)?__FUSE_REGION_LENGTH__:0x400
                0x00000400                __LOCK_REGION_LENGTH__ = DEFINED (__LOCK_REGION_LENGTH__)?__LOCK_REGION_LENGTH__:0x400
                0x00000400                __SIGNATURE_REGION_LENGTH__ = DEFINED (__SIGNATURE_REGION_LENGTH__)?__SIGNATURE_REGION_LENGTH__:0x400
                0x00000400                __USER_SIGNATURE_REGION_LENGTH__ = DEFINED (__USER_SIGNATURE_REGION_LENGTH__)?__USER_SIGNATURE_REGION_LENGTH__:0x400

.hash
 *(.hash)

.dynsym
 *(.dynsym)

.dynstr
 *(.dynstr)

.gnu.version
 *(.gnu.version)

.gnu.version_d
 *(.gnu.version_d)

.gnu.version_r
 *(.gnu.version_r)

.rel.init
 *(.rel.init)

.rela.init
 *(.rela.init)

.rel.text
 *(.rel.text)
 *(.rel.text.*)
 *(.rel.gnu.linkonce.t*)

.rela.text
 *(.rela.text)
 *(.rela.text.*)
 *(.rela.gnu.linkonce.t*)

.rel.fini
 *(.rel.fini)

.rela.fini
 *(.rela.fini)

.rel.rodata
 *(.rel.rodata)
 *(.rel.rodata.*)
 *(.rel.gnu.linkonce.r*)

.rela.rodata
 *(.rela.rodata)
 *(.rela.rodata.*)
 *(.rela.gnu.linkonce.r*)

.rel.data
 *(.rel.data)
 *(.rel.data.*)
 *(.rel.gnu.linkonce.d*)

.rela.data
 *(.rela.data)
 *(.rela.data.*)
 *(.rela.gnu.linkonce.d*)

.rel.ctors
 *(.rel.ctors)

.rela.ctors
 *(.rela.ctors)

.rel.dtors
 *(.rel.dtors)

.rela.dtors
 *(.rela.dtors)

.rel.got
 *(.rel.got)

.rela.got
 *(.rela.got)

.rel.bss
 *(.rel.bss)

.rela.bss
 *(.rela.bss)

.rel.plt
 *(.rel.plt)

.rela.plt
 *(.rela.plt)

.text           0x00000000      0x3a6
 *(.vectors)
 .vectors       0x00000000      0x1fc C:/Program Files (x86)/Atmel/Studio/7.0/Packs/atmel/XMEGAA_DFP/1.1.68/gcc/dev/atxmega256a3bu/avrxmega6/crtatxmega256a3bu.o
                0x00000000                __vector_default
                0x00000000                __vectors
 *(.vectors)
 *(.progmem.gcc*)
                0x000001fc                . = ALIGN (0x2)
                0x000001fc                __trampolines_start = .
 *(.trampolines)
 .trampolines   0x000001fc        0x0 linker stubs
 *(.trampolines*)
                0x000001fc                __trampolines_end = .
 *libprintf_flt.a:*(.progmem.data)
 *libc.a:*(.progmem.data)
 *(.progmem*)
                0x000001fc                . = ALIGN (0x2)
 *(.jumptables)
 *(.jumptables*)
 *(.lowtext)
 *(.lowtext*)
                0x000001fc                __ctors_start = .
 *(.ctors)
                0x000001fc                __ctors_end = .
                0x000001fc                __dtors_start = .
 *(.dtors)
                0x000001fc                __dtors_end = .
 SORT(*)(.ctors)
 SORT(*)(.dtors)
 *(.init0)
 .init0         0x000001fc        0x0 C:/Program Files (x86)/Atmel/Studio/7.0/Packs/atmel/XMEGAA_DFP/1.1.68/gcc/dev/atxmega256a3bu/avrxmega6/crtatxmega256a3bu.o
                0x000001fc                __init
 *(.init0)
 *(.init1)
 *(.init1)
 *(.init2)
 .init2         0x000001fc       0x10 C:/Program Files (x86)/Atmel/Studio/7.0/Packs/atmel/XMEGAA_DFP/1.1.68/gcc/dev/atxmega256a3bu/avrxmega6/crtatxmega256a3bu.o
 *(.init2)
 *(.init3)
 *(.init3)
 *(.init4)
 *(.init4)
 *(.init5)
 *(.init5)
 *(.init6)
 *(.init6)
 *(.init7)
 *(.init7)
 *(.init8)
 *(.init8)
 *(.init9)
 .init9         0x0000020c        0x4 C:/Program Files (x86)/Atmel/Studio/7.0/Packs/atmel/XMEGAA_DFP/1.1.68/gcc/dev/atxmega256a3bu/avrxmega6/crtatxmega256a3bu.o
 *(.init9)
 *(.text)
 .text          0x00000210        0x2 C:/Program Files (x86)/Atmel/Studio/7.0/Packs/atmel/XMEGAA_DFP/1.1.68/gcc/dev/atxmega256a3bu/avrxmega6/crtatxmega256a3bu.o
                0x00000210                __vector_38
                0x00000210                __vector_104
                0x00000210                __vector_22
                0x00000210                __vector_63
                0x00000210                __vector_28
                0x00000210                __vector_67
                0x00000210                __vector_1
                0x00000210                __vector_119
                0x00000210                __vector_32
                0x00000210                __vector_75
                0x00000210                __vector_71
                0x00000210                __vector_91
                0x00000210                __vector_34
                0x00000210                __vector_62
                0x00000210                __vector_77
                0x00000210                __vector_102
                0x00000210                __vector_24
                0x00000210                __vector_12
                0x00000210                __vector_55
                0x00000210                __vector_69
                0x00000210                __vector_81
                0x00000210                __vector_90
                0x00000210                __vector_46
                0x00000210                __bad_interrupt
                0x00000210                __vector_122
                0x00000210                __vector_72
                0x00000210                __vector_114
                0x00000210                __vector_6
                0x00000210                __vector_110
                0x00000210                __vector_31
                0x00000210                __vector_92
                0x00000210                __vector_35
                0x00000210                __vector_78
                0x00000210                __vector_74
                0x00000210                __vector_117
                0x00000210                __vector_39
                0x00000210                __vector_107
                0x00000210                __vector_3
                0x00000210                __vector_105
                0x00000210                __vector_98
                0x00000210                __vector_23
                0x00000210                __vector_68
                0x00000210                __vector_30
                0x00000210                __vector_73
                0x00000210                __vector_45
                0x00000210                __vector_25
                0x00000210                __vector_93
                0x00000210                __vector_61
                0x00000210                __vector_11
                0x00000210                __vector_54
                0x00000210                __vector_99
                0x00000210                __vector_13
                0x00000210                __vector_17
                0x00000210                __vector_19
                0x00000210                __vector_56
                0x00000210                __vector_7
                0x00000210                __vector_125
                0x00000210                __vector_49
                0x00000210                __vector_123
                0x00000210                __vector_41
                0x00000210                __vector_86
                0x00000210                __vector_100
                0x00000210                __vector_101
                0x00000210                __vector_64
                0x00000210                __vector_88
                0x00000210                __vector_109
                0x00000210                __vector_43
                0x00000210                __vector_27
                0x00000210                __vector_5
                0x00000210                __vector_113
                0x00000210                __vector_33
                0x00000210                __vector_76
                0x00000210                __vector_115
                0x00000210                __vector_47
                0x00000210                __vector_52
                0x00000210                __vector_37
                0x00000210                __vector_95
                0x00000210                __vector_103
                0x00000210                __vector_96
                0x00000210                __vector_89
                0x00000210                __vector_108
                0x00000210                __vector_4
                0x00000210                __vector_44
                0x00000210                __vector_82
                0x00000210                __vector_106
                0x00000210                __vector_118
                0x00000210                __vector_51
                0x00000210                __vector_9
                0x00000210                __vector_2
                0x00000210                __vector_21
                0x00000210                __vector_15
                0x00000210                __vector_66
                0x00000210                __vector_36
                0x00000210                __vector_79
                0x00000210                __vector_58
                0x00000210                __vector_70
                0x00000210                __vector_83
                0x00000210                __vector_29
                0x00000210                __vector_60
                0x00000210                __vector_121
                0x00000210                __vector_40
                0x00000210                __vector_85
                0x00000210                __vector_94
                0x00000210                __vector_126
                0x00000210                __vector_8
                0x00000210                __vector_26
                0x00000210                __vector_48
                0x00000210                __vector_124
                0x00000210                __vector_116
                0x00000210                __vector_112
                0x00000210                __vector_111
                0x00000210                __vector_80
                0x00000210                __vector_14
                0x00000210                __vector_84
                0x00000210                __vector_57
                0x00000210                __vector_53
                0x00000210                __vector_10
                0x00000210                __vector_50
                0x00000210                __vector_16
                0x00000210                __vector_59
                0x00000210                __vector_18
                0x00000210                __vector_97
                0x00000210                __vector_20
                0x00000210                __vector_42
                0x00000210                __vector_87
                0x00000210                __vector_65
                0x00000210                __vector_120
                0x00000212                . = ALIGN (0x2)
 *(.text.*)
 .text.ioport_configure_port_pin
                0x00000212       0x4e src/ASF/common/services/ioport/xmega/ioport_compat.o
                0x00000212                ioport_configure_port_pin
 .text.board_init
                0x00000260      0x13a src/ASF/xmega/boards/xmega_a3bu_xplained/init.o
                0x00000260                board_init
 .text.main     0x0000039a        0x8 src/main.o
                0x0000039a                main
                0x000003a2                . = ALIGN (0x2)
 *(.fini9)
 .fini9         0x000003a2        0x0 c:/program files (x86)/atmel/studio/7.0/toolchain/avr8/avr8-gnu-toolchain/bin/../lib/gcc/avr/5.4.0/avrxmega6\libgcc.a(_exit.o)
                0x000003a2                _exit
                0x000003a2                exit
 *(.fini9)
 *(.fini8)
 *(.fini8)
 *(.fini7)
 *(.fini7)
 *(.fini6)
 *(.fini6)
 *(.fini5)
 *(.fini5)
 *(.fini4)
 *(.fini4)
 *(.fini3)
 *(.fini3)
 *(.fini2)
 *(.fini2)
 *(.fini1)
 *(.fini1)
 *(.fini0)
 .fini0         0x000003a2        0x4 c:/program files (x86)/atmel/studio/7.0/toolchain/avr8/avr8-gnu-toolchain/bin/../lib/gcc/avr/5.4.0/avrxmega6\libgcc.a(_exit.o)
 *(.fini0)
                0x000003a6                _etext = .

.data           0x00802000        0x0 load address 0x000003a6
                [!provide]                PROVIDE (__data_start, .)
 *(.data)
 *(.data*)
 *(.rodata)
 *(.rodata*)
 *(.gnu.linkonce.d*)
                0x00802000                . = ALIGN (0x2)
                0x00802000                _edata = .
                [!provide]                PROVIDE (__data_end, .)

.bss            0x00802000        0x0
                [!provide]                PROVIDE (__bss_start, .)
 *(.bss)
 *(.bss*)
 *(COMMON)
                [!provide]                PROVIDE (__bss_end, .)
                0x000003a6                __data_load_start = LOADADDR (.data)
                0x000003a6                __data_load_end = (__data_load_start + SIZEOF (.data))

.noinit         0x00802000        0x0
                [!provide]                PROVIDE (__noinit_start, .)
 *(.noinit*)
                [!provide]                PROVIDE (__noinit_end, .)
                0x00802000                _end = .
                [!provide]                PROVIDE (__heap_start, .)

.eeprom         0x00810000        0x0
 *(.eeprom*)
                0x00810000                __eeprom_end = .

.fuse
 *(.fuse)
 *(.lfuse)
 *(.hfuse)
 *(.efuse)

.lock
 *(.lock*)

.signature
 *(.signature*)

.user_signatures
 *(.user_signatures*)

.stab
 *(.stab)

.stabstr
 *(.stabstr)

.stab.excl
 *(.stab.excl)

.stab.exclstr
 *(.stab.exclstr)

.stab.index
 *(.stab.index)

.stab.indexstr
 *(.stab.indexstr)

.comment        0x00000000       0x30
 *(.comment)
 .comment       0x00000000       0x30 src/ASF/common/services/ioport/xmega/ioport_compat.o
                                 0x31 (size before relaxing)
 .comment       0x00000030       0x31 src/ASF/xmega/boards/xmega_a3bu_xplained/init.o
 .comment       0x00000030       0x31 src/main.o

.note.gnu.avr.deviceinfo
                0x00000000       0x44
 .note.gnu.avr.deviceinfo
                0x00000000       0x44 C:/Program Files (x86)/Atmel/Studio/7.0/Packs/atmel/XMEGAA_DFP/1.1.68/gcc/dev/atxmega256a3bu/avrxmega6/crtatxmega256a3bu.o

.note.gnu.build-id
 *(.note.gnu.build-id)

.debug
 *(.debug)

.line
 *(.line)

.debug_srcinfo
 *(.debug_srcinfo)

.debug_sfnames
 *(.debug_sfnames)

.debug_aranges  0x00000000       0x60
 *(.debug_aranges)
 .debug_aranges
                0x00000000       0x20 src/ASF/common/services/ioport/xmega/ioport_compat.o
 .debug_aranges
                0x00000020       0x20 src/ASF/xmega/boards/xmega_a3bu_xplained/init.o
 .debug_aranges
                0x00000040       0x20 src/main.o

.debug_pubnames
 *(.debug_pubnames)

.debug_info     0x00000000     0x4036
 *(.debug_info .gnu.linkonce.wi.*)
 .debug_info    0x00000000     0x3379 C:/Program Files (x86)/Atmel/Studio/7.0/Packs/atmel/XMEGAA_DFP/1.1.68/gcc/dev/atxmega256a3bu/avrxmega6/crtatxmega256a3bu.o
 .debug_info    0x00003379      0x121 src/ASF/common/services/ioport/xmega/ioport_compat.o
 .debug_info    0x0000349a      0xaeb src/ASF/xmega/boards/xmega_a3bu_xplained/init.o
 .debug_info    0x00003f85       0xb1 src/main.o

.debug_abbrev   0x00000000     0x330b
 *(.debug_abbrev)
 .debug_abbrev  0x00000000     0x30c4 C:/Program Files (x86)/Atmel/Studio/7.0/Packs/atmel/XMEGAA_DFP/1.1.68/gcc/dev/atxmega256a3bu/avrxmega6/crtatxmega256a3bu.o
 .debug_abbrev  0x000030c4       0x95 src/ASF/common/services/ioport/xmega/ioport_compat.o
 .debug_abbrev  0x00003159      0x14a src/ASF/xmega/boards/xmega_a3bu_xplained/init.o
 .debug_abbrev  0x000032a3       0x68 src/main.o

.debug_line     0x00000000     0x1284
 *(.debug_line .debug_line.* .debug_line_end)
 .debug_line    0x00000000      0x39d C:/Program Files (x86)/Atmel/Studio/7.0/Packs/atmel/XMEGAA_DFP/1.1.68/gcc/dev/atxmega256a3bu/avrxmega6/crtatxmega256a3bu.o
 .debug_line    0x0000039d      0x4b4 src/ASF/common/services/ioport/xmega/ioport_compat.o
 .debug_line    0x00000851      0x4df src/ASF/xmega/boards/xmega_a3bu_xplained/init.o
 .debug_line    0x00000d30      0x554 src/main.o

.debug_frame    0x00000000       0x78
 *(.debug_frame)
 .debug_frame   0x00000000       0x30 src/ASF/common/services/ioport/xmega/ioport_compat.o
 .debug_frame   0x00000030       0x24 src/ASF/xmega/boards/xmega_a3bu_xplained/init.o
 .debug_frame   0x00000054       0x24 src/main.o

.debug_str      0x00000000    0x2c5b7
 *(.debug_str)
 .debug_str     0x00000000     0x21e4 C:/Program Files (x86)/Atmel/Studio/7.0/Packs/atmel/XMEGAA_DFP/1.1.68/gcc/dev/atxmega256a3bu/avrxmega6/crtatxmega256a3bu.o
 .debug_str     0x000021e4    0x28414 src/ASF/common/services/ioport/xmega/ioport_compat.o
                              0x28a52 (size before relaxing)
 .debug_str     0x0002a5f8     0x1c72 src/ASF/xmega/boards/xmega_a3bu_xplained/init.o
                              0x2a683 (size before relaxing)
 .debug_str     0x0002c26a      0x34d src/main.o
                              0x2a6f6 (size before relaxing)

.debug_loc      0x00000000      0x460
 *(.debug_loc)
 .debug_loc     0x00000000       0x66 src/ASF/common/services/ioport/xmega/ioport_compat.o
 .debug_loc     0x00000066      0x3fa src/ASF/xmega/boards/xmega_a3bu_xplained/init.o

.debug_macinfo
 *(.debug_macinfo)

.debug_weaknames
 *(.debug_weaknames)

.debug_funcnames
 *(.debug_funcnames)

.debug_typenames
 *(.debug_typenames)

.debug_varnames
 *(.debug_varnames)

.debug_pubtypes
 *(.debug_pubtypes)

.debug_ranges   0x00000000       0x30
 *(.debug_ranges)
 .debug_ranges  0x00000000       0x10 src/ASF/common/services/ioport/xmega/ioport_compat.o
 .debug_ranges  0x00000010       0x10 src/ASF/xmega/boards/xmega_a3bu_xplained/init.o
 .debug_ranges  0x00000020       0x10 src/main.o

.debug_macro    0x00000000     0x9adf
 *(.debug_macro)
 .debug_macro   0x00000000      0x195 src/ASF/common/services/ioport/xmega/ioport_compat.o
 .debug_macro   0x00000195      0xa96 src/ASF/common/services/ioport/xmega/ioport_compat.o
 .debug_macro   0x00000c2b      0x64b src/ASF/common/services/ioport/xmega/ioport_compat.o
 .debug_macro   0x00001276       0x10 src/ASF/common/services/ioport/xmega/ioport_compat.o
 .debug_macro   0x00001286      0x1c9 src/ASF/common/services/ioport/xmega/ioport_compat.o
 .debug_macro   0x0000144f      0x2fc src/ASF/common/services/ioport/xmega/ioport_compat.o
 .debug_macro   0x0000174b       0x9e src/ASF/common/services/ioport/xmega/ioport_compat.o
 .debug_macro   0x000017e9     0x6271 src/ASF/common/services/ioport/xmega/ioport_compat.o
 .debug_macro   0x00007a5a       0x9a src/ASF/common/services/ioport/xmega/ioport_compat.o
 .debug_macro   0x00007af4       0xf1 src/ASF/common/services/ioport/xmega/ioport_compat.o
 .debug_macro   0x00007be5       0x34 src/ASF/common/services/ioport/xmega/ioport_compat.o
 .debug_macro   0x00007c19       0x16 src/ASF/common/services/ioport/xmega/ioport_compat.o
 .debug_macro   0x00007c2f       0x18 src/ASF/common/services/ioport/xmega/ioport_compat.o
 .debug_macro   0x00007c47       0x5e src/ASF/common/services/ioport/xmega/ioport_compat.o
 .debug_macro   0x00007ca5       0x10 src/ASF/common/services/ioport/xmega/ioport_compat.o
 .debug_macro   0x00007cb5       0x22 src/ASF/common/services/ioport/xmega/ioport_compat.o
 .debug_macro   0x00007cd7      0x16d src/ASF/common/services/ioport/xmega/ioport_compat.o
 .debug_macro   0x00007e44       0x1c src/ASF/common/services/ioport/xmega/ioport_compat.o
 .debug_macro   0x00007e60       0x35 src/ASF/common/services/ioport/xmega/ioport_compat.o
 .debug_macro   0x00007e95       0x66 src/ASF/common/services/ioport/xmega/ioport_compat.o
 .debug_macro   0x00007efb       0x97 src/ASF/common/services/ioport/xmega/ioport_compat.o
 .debug_macro   0x00007f92       0x17 src/ASF/common/services/ioport/xmega/ioport_compat.o
 .debug_macro   0x00007fa9      0x250 src/ASF/common/services/ioport/xmega/ioport_compat.o
 .debug_macro   0x000081f9       0x76 src/ASF/common/services/ioport/xmega/ioport_compat.o
 .debug_macro   0x0000826f       0x16 src/ASF/common/services/ioport/xmega/ioport_compat.o
 .debug_macro   0x00008285      0x6e3 src/ASF/common/services/ioport/xmega/ioport_compat.o
 .debug_macro   0x00008968       0x10 src/ASF/common/services/ioport/xmega/ioport_compat.o
 .debug_macro   0x00008978      0x175 src/ASF/common/services/ioport/xmega/ioport_compat.o
 .debug_macro   0x00008aed       0x40 src/ASF/common/services/ioport/xmega/ioport_compat.o
 .debug_macro   0x00008b2d       0x69 src/ASF/common/services/ioport/xmega/ioport_compat.o
 .debug_macro   0x00008b96       0x32 src/ASF/common/services/ioport/xmega/ioport_compat.o
 .debug_macro   0x00008bc8       0xe4 src/ASF/common/services/ioport/xmega/ioport_compat.o
 .debug_macro   0x00008cac       0x82 src/ASF/common/services/ioport/xmega/ioport_compat.o
 .debug_macro   0x00008d2e      0x109 src/ASF/common/services/ioport/xmega/ioport_compat.o
 .debug_macro   0x00008e37      0x1b7 src/ASF/xmega/boards/xmega_a3bu_xplained/init.o
 .debug_macro   0x00008fee       0x2e src/ASF/xmega/boards/xmega_a3bu_xplained/init.o
 .debug_macro   0x0000901c      0x2c0 src/ASF/xmega/boards/xmega_a3bu_xplained/init.o
 .debug_macro   0x000092dc      0x303 src/ASF/xmega/boards/xmega_a3bu_xplained/init.o
 .debug_macro   0x000095df      0x1de src/main.o
 .debug_macro   0x000097bd       0x40 src/main.o
 .debug_macro   0x000097fd      0x2c6 src/main.o
 .debug_macro   0x00009ac3       0x1c src/main.o
OUTPUT(FinalProject.elf elf32-avr)
LOAD linker stubs

.BOOT           0x00040000        0x0
